// Jest Snapshot v1, https://goo.gl/fbAQLP

exports[`Works! 1`] = `
<span>
  ðŸ’©
</span>
`;
